
icetime topological timing analysis report
==========================================

Info: max_span_hack is enabled: estimate is conservative.

Report for critical path:
-------------------------

        pre_io_21_0_1 (PRE_IO) [clk] -> DIN0: 1.105 ns
     1.105 ns net_79049 (BTN2$SB_IO_IN)
        odrv_21_0_79049_79079 (Odrv4) I -> O: 0.649 ns
        t238 (Span4Mux_h4) I -> O: 0.543 ns
        t237 (Span4Mux_v4) I -> O: 0.649 ns
        t236 (LocalMux) I -> O: 1.099 ns
        inmux_16_1_64299_64317 (InMux) I -> O: 0.662 ns
        lc40_16_1_2 (LogicCell40) in0 -> lcout: 1.285 ns
     5.993 ns net_60401 (LEDG_N$SB_IO_OUT)
        odrv_16_1_60401_52880 (Odrv4) I -> O: 0.649 ns
        t98 (Span4Mux_v4) I -> O: 0.649 ns
        t97 (Span4Mux_v4) I -> O: 0.649 ns
        t96 (Span4Mux_v4) I -> O: 0.649 ns
        t95 (Span4Mux_v4) I -> O: 0.649 ns
        t94 (Span4Mux_v4) I -> O: 0.649 ns
        t93 (Span4Mux_v4) I -> O: 0.649 ns
        t92 (Span4Mux_v4) I -> O: 0.649 ns
        t91 (Span4Mux_v4) I -> O: 0.649 ns
        t90 (LocalMux) I -> O: 1.099 ns
        inmux_13_31_56530_56515 (IoInMux) I -> O: 0.662 ns
    13.595 ns net_56515 (LEDG_N$SB_IO_OUT)
        pre_io_13_31_0 (PRE_IO) DOUT0 [setup]: 0.187 ns
    13.782 ns io_pad_13_31_0_din

Resolvable net names on path:
     1.105 ns ..  4.708 ns BTN2$SB_IO_IN
     5.993 ns .. 13.595 ns LEDG_N$SB_IO_OUT

Total number of logic levels: 2
Total path delay: 13.78 ns (72.56 MHz)

